Archive member included to satisfy reference by file (symbol)

e:/stm32cubeide_1.7.0/stm32cubeide/plugins/com.st.stm32cube.ide.mcu.externaltools.gnu-tools-for-stm32.9-2020-q2-update.win32_2.0.0.202105311346/tools/bin/../lib/gcc/arm-none-eabi/9.3.1/../../../../arm-none-eabi/lib/thumb/v7-m/nofp\libc_nano.a(lib_a-errno.o)
                              ./Core/Src/syscalls.o (__errno)
e:/stm32cubeide_1.7.0/stm32cubeide/plugins/com.st.stm32cube.ide.mcu.externaltools.gnu-tools-for-stm32.9-2020-q2-update.win32_2.0.0.202105311346/tools/bin/../lib/gcc/arm-none-eabi/9.3.1/../../../../arm-none-eabi/lib/thumb/v7-m/nofp\libc_nano.a(lib_a-exit.o)
                              e:/stm32cubeide_1.7.0/stm32cubeide/plugins/com.st.stm32cube.ide.mcu.externaltools.gnu-tools-for-stm32.9-2020-q2-update.win32_2.0.0.202105311346/tools/bin/../lib/gcc/arm-none-eabi/9.3.1/../../../../arm-none-eabi/lib/thumb/v7-m/nofp/crt0.o (exit)
e:/stm32cubeide_1.7.0/stm32cubeide/plugins/com.st.stm32cube.ide.mcu.externaltools.gnu-tools-for-stm32.9-2020-q2-update.win32_2.0.0.202105311346/tools/bin/../lib/gcc/arm-none-eabi/9.3.1/../../../../arm-none-eabi/lib/thumb/v7-m/nofp\libc_nano.a(lib_a-impure.o)
                              e:/stm32cubeide_1.7.0/stm32cubeide/plugins/com.st.stm32cube.ide.mcu.externaltools.gnu-tools-for-stm32.9-2020-q2-update.win32_2.0.0.202105311346/tools/bin/../lib/gcc/arm-none-eabi/9.3.1/../../../../arm-none-eabi/lib/thumb/v7-m/nofp\libc_nano.a(lib_a-exit.o) (_global_impure_ptr)
e:/stm32cubeide_1.7.0/stm32cubeide/plugins/com.st.stm32cube.ide.mcu.externaltools.gnu-tools-for-stm32.9-2020-q2-update.win32_2.0.0.202105311346/tools/bin/../lib/gcc/arm-none-eabi/9.3.1/../../../../arm-none-eabi/lib/thumb/v7-m/nofp\libc_nano.a(lib_a-init.o)
                              e:/stm32cubeide_1.7.0/stm32cubeide/plugins/com.st.stm32cube.ide.mcu.externaltools.gnu-tools-for-stm32.9-2020-q2-update.win32_2.0.0.202105311346/tools/bin/../lib/gcc/arm-none-eabi/9.3.1/../../../../arm-none-eabi/lib/thumb/v7-m/nofp/crt0.o (__libc_init_array)
e:/stm32cubeide_1.7.0/stm32cubeide/plugins/com.st.stm32cube.ide.mcu.externaltools.gnu-tools-for-stm32.9-2020-q2-update.win32_2.0.0.202105311346/tools/bin/../lib/gcc/arm-none-eabi/9.3.1/../../../../arm-none-eabi/lib/thumb/v7-m/nofp\libc_nano.a(lib_a-memset.o)
                              e:/stm32cubeide_1.7.0/stm32cubeide/plugins/com.st.stm32cube.ide.mcu.externaltools.gnu-tools-for-stm32.9-2020-q2-update.win32_2.0.0.202105311346/tools/bin/../lib/gcc/arm-none-eabi/9.3.1/../../../../arm-none-eabi/lib/thumb/v7-m/nofp/crt0.o (memset)

Allocating common symbols
Common symbol       size              file

timer2_counter      0x4               ./Core/Src/software_timer.o
uwTick              0x4               ./Drivers/STM32F1xx_HAL_Driver/Src/stm32f1xx_hal.o
pFlash              0x20              ./Drivers/STM32F1xx_HAL_Driver/Src/stm32f1xx_hal_flash.o
htim2               0x48              ./Core/Src/main.o
timer1_counter      0x4               ./Core/Src/software_timer.o

Discarded input sections

 .text          0x0000000000000000        0x0 e:/stm32cubeide_1.7.0/stm32cubeide/plugins/com.st.stm32cube.ide.mcu.externaltools.gnu-tools-for-stm32.9-2020-q2-update.win32_2.0.0.202105311346/tools/bin/../lib/gcc/arm-none-eabi/9.3.1/thumb/v7-m/nofp/crti.o
 .data          0x0000000000000000        0x0 e:/stm32cubeide_1.7.0/stm32cubeide/plugins/com.st.stm32cube.ide.mcu.externaltools.gnu-tools-for-stm32.9-2020-q2-update.win32_2.0.0.202105311346/tools/bin/../lib/gcc/arm-none-eabi/9.3.1/thumb/v7-m/nofp/crti.o
 .bss           0x0000000000000000        0x0 e:/stm32cubeide_1.7.0/stm32cubeide/plugins/com.st.stm32cube.ide.mcu.externaltools.gnu-tools-for-stm32.9-2020-q2-update.win32_2.0.0.202105311346/tools/bin/../lib/gcc/arm-none-eabi/9.3.1/thumb/v7-m/nofp/crti.o
 .data          0x0000000000000000        0x4 e:/stm32cubeide_1.7.0/stm32cubeide/plugins/com.st.stm32cube.ide.mcu.externaltools.gnu-tools-for-stm32.9-2020-q2-update.win32_2.0.0.202105311346/tools/bin/../lib/gcc/arm-none-eabi/9.3.1/thumb/v7-m/nofp/crtbegin.o
 .text          0x0000000000000000       0x7c e:/stm32cubeide_1.7.0/stm32cubeide/plugins/com.st.stm32cube.ide.mcu.externaltools.gnu-tools-for-stm32.9-2020-q2-update.win32_2.0.0.202105311346/tools/bin/../lib/gcc/arm-none-eabi/9.3.1/../../../../arm-none-eabi/lib/thumb/v7-m/nofp/crt0.o
 .data          0x0000000000000000        0x0 e:/stm32cubeide_1.7.0/stm32cubeide/plugins/com.st.stm32cube.ide.mcu.externaltools.gnu-tools-for-stm32.9-2020-q2-update.win32_2.0.0.202105311346/tools/bin/../lib/gcc/arm-none-eabi/9.3.1/../../../../arm-none-eabi/lib/thumb/v7-m/nofp/crt0.o
 .bss           0x0000000000000000        0x0 e:/stm32cubeide_1.7.0/stm32cubeide/plugins/com.st.stm32cube.ide.mcu.externaltools.gnu-tools-for-stm32.9-2020-q2-update.win32_2.0.0.202105311346/tools/bin/../lib/gcc/arm-none-eabi/9.3.1/../../../../arm-none-eabi/lib/thumb/v7-m/nofp/crt0.o
[...]
Memory Configuration

Name             Origin             Length             Attributes
RAM              0x0000000020000000 0x0000000000002800 xrw
FLASH            0x0000000008000000 0x0000000000008000 xr
*default*        0x0000000000000000 0xffffffffffffffff

Linker script and memory map

LOAD e:/stm32cubeide_1.7.0/stm32cubeide/plugins/com.st.stm32cube.ide.mcu.externaltools.gnu-tools-for-stm32.9-2020-q2-update.win32_2.0.0.202105311346/tools/bin/../lib/gcc/arm-none-eabi/9.3.1/thumb/v7-m/nofp/crti.o
LOAD e:/stm32cubeide_1.7.0/stm32cubeide/plugins/com.st.stm32cube.ide.mcu.externaltools.gnu-tools-for-stm32.9-2020-q2-update.win32_2.0.0.202105311346/tools/bin/../lib/gcc/arm-none-eabi/9.3.1/thumb/v7-m/nofp/crtbegin.o
LOAD e:/stm32cubeide_1.7.0/stm32cubeide/plugins/com.st.stm32cube.ide.mcu.externaltools.gnu-tools-for-stm32.9-2020-q2-update.win32_2.0.0.202105311346/tools/bin/../lib/gcc/arm-none-eabi/9.3.1/../../../../arm-none-eabi/lib/thumb/v7-m/nofp/crt0.o
LOAD ./Core/Src/7SEG.o
LOAD ./Core/Src/fsm_buttons_run.o
LOAD ./Core/Src/fsm_toggle.o
LOAD ./Core/Src/input_reading.o
LOAD ./Core/Src/main.o
LOAD ./Core/Src/software_timer.o
LOAD ./Core/Src/stm32f1xx_hal_msp.o
LOAD ./Core/Src/stm32f1xx_it.o
LOAD ./Core/Src/syscalls.o
LOAD ./Core/Src/sysmem.o
LOAD ./Core/Src/system_stm32f1xx.o
LOAD ./Core/Startup/startup_stm32f103c6ux.o
LOAD ./Drivers/STM32F1xx_HAL_Driver/Src/stm32f1xx_hal.o
LOAD ./Drivers/STM32F1xx_HAL_Driver/Src/stm32f1xx_hal_cortex.o
LOAD ./Drivers/STM32F1xx_HAL_Driver/Src/stm32f1xx_hal_dma.o
LOAD ./Drivers/STM32F1xx_HAL_Driver/Src/stm32f1xx_hal_exti.o
LOAD ./Drivers/STM32F1xx_HAL_Driver/Src/stm32f1xx_hal_flash.o
LOAD ./Drivers/STM32F1xx_HAL_Driver/Src/stm32f1xx_hal_flash_ex.o
LOAD ./Drivers/STM32F1xx_HAL_Driver/Src/stm32f1xx_hal_gpio.o
LOAD ./Drivers/STM32F1xx_HAL_Driver/Src/stm32f1xx_hal_gpio_ex.o
LOAD ./Drivers/STM32F1xx_HAL_Driver/Src/stm32f1xx_hal_pwr.o
LOAD ./Drivers/STM32F1xx_HAL_Driver/Src/stm32f1xx_hal_rcc.o
LOAD ./Drivers/STM32F1xx_HAL_Driver/Src/stm32f1xx_hal_rcc_ex.o
LOAD ./Drivers/STM32F1xx_HAL_Driver/Src/stm32f1xx_hal_tim.o
LOAD ./Drivers/STM32F1xx_HAL_Driver/Src/stm32f1xx_hal_tim_ex.o
START GROUP
LOAD e:/stm32cubeide_1.7.0/stm32cubeide/plugins/com.st.stm32cube.ide.mcu.externaltools.gnu-tools-for-stm32.9-2020-q2-update.win32_2.0.0.202105311346/tools/bin/../lib/gcc/arm-none-eabi/9.3.1/../../../../arm-none-eabi/lib/thumb/v7-m/nofp\libc_nano.a
LOAD e:/stm32cubeide_1.7.0/stm32cubeide/plugins/com.st.stm32cube.ide.mcu.externaltools.gnu-tools-for-stm32.9-2020-q2-update.win32_2.0.0.202105311346/tools/bin/../lib/gcc/arm-none-eabi/9.3.1/../../../../arm-none-eabi/lib/thumb/v7-m/nofp\libm.a
END GROUP
START GROUP
LOAD e:/stm32cubeide_1.7.0/stm32cubeide/plugins/com.st.stm32cube.ide.mcu.externaltools.gnu-tools-for-stm32.9-2020-q2-update.win32_2.0.0.202105311346/tools/bin/../lib/gcc/arm-none-eabi/9.3.1/thumb/v7-m/nofp\libgcc.a
LOAD e:/stm32cubeide_1.7.0/stm32cubeide/plugins/com.st.stm32cube.ide.mcu.externaltools.gnu-tools-for-stm32.9-2020-q2-update.win32_2.0.0.202105311346/tools/bin/../lib/gcc/arm-none-eabi/9.3.1/../../../../arm-none-eabi/lib/thumb/v7-m/nofp\libc_nano.a
END GROUP
START GROUP
LOAD e:/stm32cubeide_1.7.0/stm32cubeide/plugins/com.st.stm32cube.ide.mcu.externaltools.gnu-tools-for-stm32.9-2020-q2-update.win32_2.0.0.202105311346/tools/bin/../lib/gcc/arm-none-eabi/9.3.1/thumb/v7-m/nofp\libgcc.a
LOAD e:/stm32cubeide_1.7.0/stm32cubeide/plugins/com.st.stm32cube.ide.mcu.externaltools.gnu-tools-for-stm32.9-2020-q2-update.win32_2.0.0.202105311346/tools/bin/../lib/gcc/arm-none-eabi/9.3.1/../../../../arm-none-eabi/lib/thumb/v7-m/nofp\libc_nano.a
LOAD e:/stm32cubeide_1.7.0/stm32cubeide/plugins/com.st.stm32cube.ide.mcu.externaltools.gnu-tools-for-stm32.9-2020-q2-update.win32_2.0.0.202105311346/tools/bin/../lib/gcc/arm-none-eabi/9.3.1/../../../../arm-none-eabi/lib/thumb/v7-m/nofp\libnosys.a
END GROUP
START GROUP
LOAD e:/stm32cubeide_1.7.0/stm32cubeide/plugins/com.st.stm32cube.ide.mcu.externaltools.gnu-tools-for-stm32.9-2020-q2-update.win32_2.0.0.202105311346/tools/bin/../lib/gcc/arm-none-eabi/9.3.1/thumb/v7-m/nofp\libgcc.a
LOAD e:/stm32cubeide_1.7.0/stm32cubeide/plugins/com.st.stm32cube.ide.mcu.externaltools.gnu-tools-for-stm32.9-2020-q2-update.win32_2.0.0.202105311346/tools/bin/../lib/gcc/arm-none-eabi/9.3.1/../../../../arm-none-eabi/lib/thumb/v7-m/nofp\libc_nano.a
LOAD e:/stm32cubeide_1.7.0/stm32cubeide/plugins/com.st.stm32cube.ide.mcu.externaltools.gnu-tools-for-stm32.9-2020-q2-update.win32_2.0.0.202105311346/tools/bin/../lib/gcc/arm-none-eabi/9.3.1/../../../../arm-none-eabi/lib/thumb/v7-m/nofp\libnosys.a
END GROUP
LOAD e:/stm32cubeide_1.7.0/stm32cubeide/plugins/com.st.stm32cube.ide.mcu.externaltools.gnu-tools-for-stm32.9-2020-q2-update.win32_2.0.0.202105311346/tools/bin/../lib/gcc/arm-none-eabi/9.3.1/thumb/v7-m/nofp/crtend.o
LOAD e:/stm32cubeide_1.7.0/stm32cubeide/plugins/com.st.stm32cube.ide.mcu.externaltools.gnu-tools-for-stm32.9-2020-q2-update.win32_2.0.0.202105311346/tools/bin/../lib/gcc/arm-none-eabi/9.3.1/thumb/v7-m/nofp/crtn.o
                0x0000000020002800                _estack = (ORIGIN (RAM) + LENGTH (RAM))
                0x0000000000000200                _Min_Heap_Size = 0x200
                0x0000000000000400                _Min_Stack_Size = 0x400

.isr_vector     0x0000000008000000      0x10c
                0x0000000008000000                . = ALIGN (0x4)
 *(.isr_vector)
 .isr_vector    0x0000000008000000      0x10c ./Core/Startup/startup_stm32f103c6ux.o
                0x0000000008000000                g_pfnVectors
                0x000000000800010c                . = ALIGN (0x4)

.text           0x000000000800010c     0x23a8
                0x000000000800010c                . = ALIGN (0x4)
 *(.text)
 .text          0x000000000800010c       0x40 e:/stm32cubeide_1.7.0/stm32cubeide/plugins/com.st.stm32cube.ide.mcu.externaltools.gnu-tools-for-stm32.9-2020-q2-update.win32_2.0.0.202105311346/tools/bin/../lib/gcc/arm-none-eabi/9.3.1/thumb/v7-m/nofp/crtbegin.o
 *(.text*)
 .text.display7SEG
                0x000000000800014c      0x378 ./Core/Src/7SEG.o
                0x000000000800014c                display7SEG
 .text.fsm_simple_buttons_run
                0x00000000080004c4      0x228 ./Core/Src/fsm_buttons_run.o
                0x00000000080004c4                fsm_simple_buttons_run
 .text.fsm_toggle
                0x00000000080006ec       0x94 ./Core/Src/fsm_toggle.o
                0x00000000080006ec                fsm_toggle
 .text.button_reading
                0x0000000008000780      0x150 ./Core/Src/input_reading.o
                0x0000000008000780                button_reading
 .text.is_button_pressed
                0x00000000080008d0       0x4c ./Core/Src/input_reading.o
                0x00000000080008d0                is_button_pressed
 .text.is_button_pressed_3s
                0x000000000800091c       0x34 ./Core/Src/input_reading.o
                0x000000000800091c                is_button_pressed_3s
 .text.which_button_press
                0x0000000008000950       0x36 ./Core/Src/input_reading.o
                0x0000000008000950                which_button_press
 .text.which_button_press3s
                0x0000000008000986       0x36 ./Core/Src/input_reading.o
                0x0000000008000986                which_button_press3s
 .text.press_or_press3s
                0x00000000080009bc       0x70 ./Core/Src/input_reading.o
                0x00000000080009bc                press_or_press3s
 .text.press_release
                0x0000000008000a2c       0x3c ./Core/Src/input_reading.o
                0x0000000008000a2c                press_release
 .text.main     0x0000000008000a68       0x28 ./Core/Src/main.o
                0x0000000008000a68                main
 .text.SystemClock_Config
                0x0000000008000a90       0x76 ./Core/Src/main.o
                0x0000000008000a90                SystemClock_Config
 *fill*         0x0000000008000b06        0x2 
 .text.MX_TIM2_Init
                0x0000000008000b08       0x98 ./Core/Src/main.o
 .text.MX_GPIO_Init
                0x0000000008000ba0       0x80 ./Core/Src/main.o
 .text.HAL_TIM_PeriodElapsedCallback
                0x0000000008000c20       0x22 ./Core/Src/main.o
                0x0000000008000c20                HAL_TIM_PeriodElapsedCallback
 .text.Error_Handler
                0x0000000008000c42        0xa ./Core/Src/main.o
                0x0000000008000c42                Error_Handler
 .text.setTimer1
                0x0000000008000c4c       0x34 ./Core/Src/software_timer.o
                0x0000000008000c4c                setTimer1
 .text.setTimer2
                0x0000000008000c80       0x34 ./Core/Src/software_timer.o
                0x0000000008000c80                setTimer2
 .text.timerRun
                0x0000000008000cb4       0x5c ./Core/Src/software_timer.o
                0x0000000008000cb4                timerRun
 .text.HAL_MspInit
                0x0000000008000d10       0x64 ./Core/Src/stm32f1xx_hal_msp.o
                0x0000000008000d10                HAL_MspInit
 .text.HAL_TIM_Base_MspInit
                0x0000000008000d74       0x48 ./Core/Src/stm32f1xx_hal_msp.o
                0x0000000008000d74                HAL_TIM_Base_MspInit
 .text.NMI_Handler
                0x0000000008000dbc        0x6 ./Core/Src/stm32f1xx_it.o
                0x0000000008000dbc                NMI_Handler
 .text.HardFault_Handler
                0x0000000008000dc2        0x6 ./Core/Src/stm32f1xx_it.o
                0x0000000008000dc2                HardFault_Handler
 .text.MemManage_Handler
                0x0000000008000dc8        0x6 ./Core/Src/stm32f1xx_it.o
                0x0000000008000dc8                MemManage_Handler
 .text.BusFault_Handler
                0x0000000008000dce        0x6 ./Core/Src/stm32f1xx_it.o
                0x0000000008000dce                BusFault_Handler
 .text.UsageFault_Handler
                0x0000000008000dd4        0x6 ./Core/Src/stm32f1xx_it.o
                0x0000000008000dd4                UsageFault_Handler
 .text.SVC_Handler
                0x0000000008000dda        0xc ./Core/Src/stm32f1xx_it.o
                0x0000000008000dda                SVC_Handler
 .text.DebugMon_Handler
                0x0000000008000de6        0xc ./Core/Src/stm32f1xx_it.o
                0x0000000008000de6                DebugMon_Handler
 .text.PendSV_Handler
                0x0000000008000df2        0xc ./Core/Src/stm32f1xx_it.o
                0x0000000008000df2                PendSV_Handler
 .text.SysTick_Handler
                0x0000000008000dfe        0xc ./Core/Src/stm32f1xx_it.o
                0x0000000008000dfe                SysTick_Handler
 *fill*         0x0000000008000e0a        0x2 
 .text.TIM2_IRQHandler
                0x0000000008000e0c       0x14 ./Core/Src/stm32f1xx_it.o
                0x0000000008000e0c                TIM2_IRQHandler
 .text.SystemInit
                0x0000000008000e20        0xc ./Core/Src/system_stm32f1xx.o
                0x0000000008000e20                SystemInit
 .text.Reset_Handler
                0x0000000008000e2c       0x48 ./Core/Startup/startup_stm32f103c6ux.o
                0x0000000008000e2c                Reset_Handler
 .text.Default_Handler
                0x0000000008000e74        0x2 ./Core/Startup/startup_stm32f103c6ux.o
                0x0000000008000e74                RTC_Alarm_IRQHandler
                0x0000000008000e74                EXTI2_IRQHandler
                0x0000000008000e74                TIM1_CC_IRQHandler
                0x0000000008000e74                PVD_IRQHandler
                0x0000000008000e74                EXTI3_IRQHandler
                0x0000000008000e74                EXTI0_IRQHandler
                0x0000000008000e74                ADC1_2_IRQHandler
                0x0000000008000e74                SPI1_IRQHandler
                0x0000000008000e74                TAMPER_IRQHandler
                0x0000000008000e74                DMA1_Channel4_IRQHandler
                0x0000000008000e74                RTC_IRQHandler
                0x0000000008000e74                DMA1_Channel7_IRQHandler
                0x0000000008000e74                CAN1_RX1_IRQHandler
                0x0000000008000e74                I2C1_EV_IRQHandler
                0x0000000008000e74                DMA1_Channel6_IRQHandler
                0x0000000008000e74                TIM3_IRQHandler
                0x0000000008000e74                RCC_IRQHandler
                0x0000000008000e74                TIM1_TRG_COM_IRQHandler
                0x0000000008000e74                DMA1_Channel1_IRQHandler
                0x0000000008000e74                Default_Handler
                0x0000000008000e74                EXTI15_10_IRQHandler
                0x0000000008000e74                EXTI9_5_IRQHandler
                0x0000000008000e74                DMA1_Channel5_IRQHandler
                0x0000000008000e74                EXTI4_IRQHandler
                0x0000000008000e74                USB_LP_CAN1_RX0_IRQHandler
                0x0000000008000e74                USB_HP_CAN1_TX_IRQHandler
                0x0000000008000e74                DMA1_Channel3_IRQHandler
                0x0000000008000e74                TIM1_UP_IRQHandler
                0x0000000008000e74                WWDG_IRQHandler
                0x0000000008000e74                TIM1_BRK_IRQHandler
                0x0000000008000e74                EXTI1_IRQHandler
                0x0000000008000e74                USART2_IRQHandler
                0x0000000008000e74                DMA1_Channel2_IRQHandler
                0x0000000008000e74                CAN1_SCE_IRQHandler
                0x0000000008000e74                FLASH_IRQHandler
                0x0000000008000e74                USART1_IRQHandler
                0x0000000008000e74                I2C1_ER_IRQHandler
                0x0000000008000e74                USBWakeUp_IRQHandler
 *fill*         0x0000000008000e76        0x2 
 .text.HAL_Init
                0x0000000008000e78       0x2c ./Drivers/STM32F1xx_HAL_Driver/Src/stm32f1xx_hal.o
                0x0000000008000e78                HAL_Init
 .text.HAL_InitTick
                0x0000000008000ea4       0x60 ./Drivers/STM32F1xx_HAL_Driver/Src/stm32f1xx_hal.o
                0x0000000008000ea4                HAL_InitTick
 .text.HAL_IncTick
                0x0000000008000f04       0x24 ./Drivers/STM32F1xx_HAL_Driver/Src/stm32f1xx_hal.o
                0x0000000008000f04                HAL_IncTick
 .text.HAL_GetTick
                0x0000000008000f28       0x14 ./Drivers/STM32F1xx_HAL_Driver/Src/stm32f1xx_hal.o
                0x0000000008000f28                HAL_GetTick
 .text.__NVIC_SetPriorityGrouping
                0x0000000008000f3c       0x48 ./Drivers/STM32F1xx_HAL_Driver/Src/stm32f1xx_hal_cortex.o
 .text.__NVIC_GetPriorityGrouping
                0x0000000008000f84       0x1c ./Drivers/STM32F1xx_HAL_Driver/Src/stm32f1xx_hal_cortex.o
 .text.__NVIC_EnableIRQ
                0x0000000008000fa0       0x38 ./Drivers/STM32F1xx_HAL_Driver/Src/stm32f1xx_hal_cortex.o
 .text.__NVIC_SetPriority
                0x0000000008000fd8       0x54 ./Drivers/STM32F1xx_HAL_Driver/Src/stm32f1xx_hal_cortex.o
 .text.NVIC_EncodePriority
                0x000000000800102c       0x64 ./Drivers/STM32F1xx_HAL_Driver/Src/stm32f1xx_hal_cortex.o
 .text.SysTick_Config
                0x0000000008001090       0x44 ./Drivers/STM32F1xx_HAL_Driver/Src/stm32f1xx_hal_cortex.o
 .text.HAL_NVIC_SetPriorityGrouping
                0x00000000080010d4       0x16 ./Drivers/STM32F1xx_HAL_Driver/Src/stm32f1xx_hal_cortex.o
                0x00000000080010d4                HAL_NVIC_SetPriorityGrouping
 .text.HAL_NVIC_SetPriority
                0x00000000080010ea       0x38 ./Drivers/STM32F1xx_HAL_Driver/Src/stm32f1xx_hal_cortex.o
                0x00000000080010ea                HAL_NVIC_SetPriority
 .text.HAL_NVIC_EnableIRQ
                0x0000000008001122       0x1c ./Drivers/STM32F1xx_HAL_Driver/Src/stm32f1xx_hal_cortex.o
                0x0000000008001122                HAL_NVIC_EnableIRQ
 .text.HAL_SYSTICK_Config
                0x000000000800113e       0x18 ./Drivers/STM32F1xx_HAL_Driver/Src/stm32f1xx_hal_cortex.o
                0x000000000800113e                HAL_SYSTICK_Config
 *fill*         0x0000000008001156        0x2 
 .text.HAL_GPIO_Init
                0x0000000008001158      0x2f4 ./Drivers/STM32F1xx_HAL_Driver/Src/stm32f1xx_hal_gpio.o
                0x0000000008001158                HAL_GPIO_Init
 .text.HAL_GPIO_ReadPin
                0x000000000800144c       0x2e ./Drivers/STM32F1xx_HAL_Driver/Src/stm32f1xx_hal_gpio.o
                0x000000000800144c                HAL_GPIO_ReadPin
 .text.HAL_GPIO_WritePin
                0x000000000800147a       0x30 ./Drivers/STM32F1xx_HAL_Driver/Src/stm32f1xx_hal_gpio.o
                0x000000000800147a                HAL_GPIO_WritePin
 *fill*         0x00000000080014aa        0x2 
 .text.HAL_RCC_OscConfig
                0x00000000080014ac      0x500 ./Drivers/STM32F1xx_HAL_Driver/Src/stm32f1xx_hal_rcc.o
                0x00000000080014ac                HAL_RCC_OscConfig
 .text.HAL_RCC_ClockConfig
                0x00000000080019ac      0x1d4 ./Drivers/STM32F1xx_HAL_Driver/Src/stm32f1xx_hal_rcc.o
                0x00000000080019ac                HAL_RCC_ClockConfig
 .text.HAL_RCC_GetSysClockFreq
                0x0000000008001b80       0xc0 ./Drivers/STM32F1xx_HAL_Driver/Src/stm32f1xx_hal_rcc.o
                0x0000000008001b80                HAL_RCC_GetSysClockFreq
 .text.RCC_Delay
                0x0000000008001c40       0x3c ./Drivers/STM32F1xx_HAL_Driver/Src/stm32f1xx_hal_rcc.o
 .text.HAL_TIM_Base_Init
                0x0000000008001c7c       0x9e ./Drivers/STM32F1xx_HAL_Driver/Src/stm32f1xx_hal_tim.o
                0x0000000008001c7c                HAL_TIM_Base_Init
 *fill*         0x0000000008001d1a        0x2 
 .text.HAL_TIM_Base_Start_IT
                0x0000000008001d1c       0x98 ./Drivers/STM32F1xx_HAL_Driver/Src/stm32f1xx_hal_tim.o
                0x0000000008001d1c                HAL_TIM_Base_Start_IT
 .text.HAL_TIM_IRQHandler
                0x0000000008001db4      0x210 ./Drivers/STM32F1xx_HAL_Driver/Src/stm32f1xx_hal_tim.o
                0x0000000008001db4                HAL_TIM_IRQHandler
 .text.HAL_TIM_ConfigClockSource
                0x0000000008001fc4      0x188 ./Drivers/STM32F1xx_HAL_Driver/Src/stm32f1xx_hal_tim.o
                0x0000000008001fc4                HAL_TIM_ConfigClockSource
 .text.HAL_TIM_OC_DelayElapsedCallback
                0x000000000800214c       0x12 ./Drivers/STM32F1xx_HAL_Driver/Src/stm32f1xx_hal_tim.o
                0x000000000800214c                HAL_TIM_OC_DelayElapsedCallback
 .text.HAL_TIM_IC_CaptureCallback
                0x000000000800215e       0x12 ./Drivers/STM32F1xx_HAL_Driver/Src/stm32f1xx_hal_tim.o
                0x000000000800215e                HAL_TIM_IC_CaptureCallback
 .text.HAL_TIM_PWM_PulseFinishedCallback
                0x0000000008002170       0x12 ./Drivers/STM32F1xx_HAL_Driver/Src/stm32f1xx_hal_tim.o
                0x0000000008002170                HAL_TIM_PWM_PulseFinishedCallback
 .text.HAL_TIM_TriggerCallback
                0x0000000008002182       0x12 ./Drivers/STM32F1xx_HAL_Driver/Src/stm32f1xx_hal_tim.o
                0x0000000008002182                HAL_TIM_TriggerCallback
 .text.TIM_Base_SetConfig
                0x0000000008002194       0xb0 ./Drivers/STM32F1xx_HAL_Driver/Src/stm32f1xx_hal_tim.o
                0x0000000008002194                TIM_Base_SetConfig
 .text.TIM_TI1_ConfigInputStage
                0x0000000008002244       0x5c ./Drivers/STM32F1xx_HAL_Driver/Src/stm32f1xx_hal_tim.o
 .text.TIM_TI2_ConfigInputStage
                0x00000000080022a0       0x5e ./Drivers/STM32F1xx_HAL_Driver/Src/stm32f1xx_hal_tim.o
 .text.TIM_ITRx_SetConfig
                0x00000000080022fe       0x34 ./Drivers/STM32F1xx_HAL_Driver/Src/stm32f1xx_hal_tim.o
 .text.TIM_ETR_SetConfig
                0x0000000008002332       0x3e ./Drivers/STM32F1xx_HAL_Driver/Src/stm32f1xx_hal_tim.o
                0x0000000008002332                TIM_ETR_SetConfig
 .text.HAL_TIMEx_MasterConfigSynchronization
                0x0000000008002370       0xb0 ./Drivers/STM32F1xx_HAL_Driver/Src/stm32f1xx_hal_tim_ex.o
                0x0000000008002370                HAL_TIMEx_MasterConfigSynchronization
 .text.HAL_TIMEx_CommutCallback
                0x0000000008002420       0x12 ./Drivers/STM32F1xx_HAL_Driver/Src/stm32f1xx_hal_tim_ex.o
                0x0000000008002420                HAL_TIMEx_CommutCallback
 .text.HAL_TIMEx_BreakCallback
                0x0000000008002432       0x12 ./Drivers/STM32F1xx_HAL_Driver/Src/stm32f1xx_hal_tim_ex.o
                0x0000000008002432                HAL_TIMEx_BreakCallback
 .text.__libc_init_array
                0x0000000008002444       0x48 e:/stm32cubeide_1.7.0/stm32cubeide/plugins/com.st.stm32cube.ide.mcu.externaltools.gnu-tools-for-stm32.9-2020-q2-update.win32_2.0.0.202105311346/tools/bin/../lib/gcc/arm-none-eabi/9.3.1/../../../../arm-none-eabi/lib/thumb/v7-m/nofp\libc_nano.a(lib_a-init.o)
                0x0000000008002444                __libc_init_array
 .text.memset   0x000000000800248c       0x10 e:/stm32cubeide_1.7.0/stm32cubeide/plugins/com.st.stm32cube.ide.mcu.externaltools.gnu-tools-for-stm32.9-2020-q2-update.win32_2.0.0.202105311346/tools/bin/../lib/gcc/arm-none-eabi/9.3.1/../../../../arm-none-eabi/lib/thumb/v7-m/nofp\libc_nano.a(lib_a-memset.o)
                0x000000000800248c                memset
 *(.glue_7)
 .glue_7        0x000000000800249c        0x0 linker stubs
 *(.glue_7t)
 .glue_7t       0x000000000800249c        0x0 linker stubs
 *(.eh_frame)
 .eh_frame      0x000000000800249c        0x0 e:/stm32cubeide_1.7.0/stm32cubeide/plugins/com.st.stm32cube.ide.mcu.externaltools.gnu-tools-for-stm32.9-2020-q2-update.win32_2.0.0.202105311346/tools/bin/../lib/gcc/arm-none-eabi/9.3.1/thumb/v7-m/nofp/crtbegin.o
 *(.init)
 .init          0x000000000800249c        0x4 e:/stm32cubeide_1.7.0/stm32cubeide/plugins/com.st.stm32cube.ide.mcu.externaltools.gnu-tools-for-stm32.9-2020-q2-update.win32_2.0.0.202105311346/tools/bin/../lib/gcc/arm-none-eabi/9.3.1/thumb/v7-m/nofp/crti.o
                0x000000000800249c                _init
 .init          0x00000000080024a0        0x8 e:/stm32cubeide_1.7.0/stm32cubeide/plugins/com.st.stm32cube.ide.mcu.externaltools.gnu-tools-for-stm32.9-2020-q2-update.win32_2.0.0.202105311346/tools/bin/../lib/gcc/arm-none-eabi/9.3.1/thumb/v7-m/nofp/crtn.o
 *(.fini)
 .fini          0x00000000080024a8        0x4 e:/stm32cubeide_1.7.0/stm32cubeide/plugins/com.st.stm32cube.ide.mcu.externaltools.gnu-tools-for-stm32.9-2020-q2-update.win32_2.0.0.202105311346/tools/bin/../lib/gcc/arm-none-eabi/9.3.1/thumb/v7-m/nofp/crti.o
                0x00000000080024a8                _fini
 .fini          0x00000000080024ac        0x8 e:/stm32cubeide_1.7.0/stm32cubeide/plugins/com.st.stm32cube.ide.mcu.externaltools.gnu-tools-for-stm32.9-2020-q2-update.win32_2.0.0.202105311346/tools/bin/../lib/gcc/arm-none-eabi/9.3.1/thumb/v7-m/nofp/crtn.o
                0x00000000080024b4                . = ALIGN (0x4)
                0x00000000080024b4                _etext = .

.vfp11_veneer   0x00000000080024b4        0x0
 .vfp11_veneer  0x00000000080024b4        0x0 linker stubs

.v4_bx          0x00000000080024b4        0x0
 .v4_bx         0x00000000080024b4        0x0 linker stubs

.iplt           0x00000000080024b4        0x0
 .iplt          0x00000000080024b4        0x0 e:/stm32cubeide_1.7.0/stm32cubeide/plugins/com.st.stm32cube.ide.mcu.externaltools.gnu-tools-for-stm32.9-2020-q2-update.win32_2.0.0.202105311346/tools/bin/../lib/gcc/arm-none-eabi/9.3.1/thumb/v7-m/nofp/crtbegin.o

.rodata         0x00000000080024b4       0x20
                0x00000000080024b4                . = ALIGN (0x4)
 *(.rodata)
 .rodata        0x00000000080024b4       0x10 ./Drivers/STM32F1xx_HAL_Driver/Src/stm32f1xx_hal_rcc.o
 *(.rodata*)
 .rodata.AHBPrescTable
                0x00000000080024c4       0x10 ./Core/Src/system_stm32f1xx.o
                0x00000000080024c4                AHBPrescTable
                0x00000000080024d4                . = ALIGN (0x4)

.rel.dyn        0x00000000080024d4        0x0
 .rel.iplt      0x00000000080024d4        0x0 e:/stm32cubeide_1.7.0/stm32cubeide/plugins/com.st.stm32cube.ide.mcu.externaltools.gnu-tools-for-stm32.9-2020-q2-update.win32_2.0.0.202105311346/tools/bin/../lib/gcc/arm-none-eabi/9.3.1/thumb/v7-m/nofp/crtbegin.o

.ARM.extab      0x00000000080024d4        0x0
                0x00000000080024d4                . = ALIGN (0x4)
 *(.ARM.extab* .gnu.linkonce.armextab.*)
                0x00000000080024d4                . = ALIGN (0x4)

.ARM            0x00000000080024d4        0x0
                0x00000000080024d4                . = ALIGN (0x4)
                0x00000000080024d4                __exidx_start = .
 *(.ARM.exidx*)
                0x00000000080024d4                __exidx_end = .
                0x00000000080024d4                . = ALIGN (0x4)

.preinit_array  0x00000000080024d4        0x0
                0x00000000080024d4                . = ALIGN (0x4)
                0x00000000080024d4                PROVIDE (__preinit_array_start = .)
 *(.preinit_array*)
                0x00000000080024d4                PROVIDE (__preinit_array_end = .)
                0x00000000080024d4                . = ALIGN (0x4)

.init_array     0x00000000080024d4        0x4
                0x00000000080024d4                . = ALIGN (0x4)
                0x00000000080024d4                PROVIDE (__init_array_start = .)
 *(SORT_BY_NAME(.init_array.*))
 *(.init_array*)
 .init_array    0x00000000080024d4        0x4 e:/stm32cubeide_1.7.0/stm32cubeide/plugins/com.st.stm32cube.ide.mcu.externaltools.gnu-tools-for-stm32.9-2020-q2-update.win32_2.0.0.202105311346/tools/bin/../lib/gcc/arm-none-eabi/9.3.1/thumb/v7-m/nofp/crtbegin.o
                0x00000000080024d8                PROVIDE (__init_array_end = .)
                0x00000000080024d8                . = ALIGN (0x4)

.fini_array     0x00000000080024d8        0x4
                0x00000000080024d8                . = ALIGN (0x4)
                [!provide]                        PROVIDE (__fini_array_start = .)
 *(SORT_BY_NAME(.fini_array.*))
 *(.fini_array*)
 .fini_array    0x00000000080024d8        0x4 e:/stm32cubeide_1.7.0/stm32cubeide/plugins/com.st.stm32cube.ide.mcu.externaltools.gnu-tools-for-stm32.9-2020-q2-update.win32_2.0.0.202105311346/tools/bin/../lib/gcc/arm-none-eabi/9.3.1/thumb/v7-m/nofp/crtbegin.o
                [!provide]                        PROVIDE (__fini_array_end = .)
                0x00000000080024dc                . = ALIGN (0x4)
                0x00000000080024dc                _sidata = LOADADDR (.data)

.data           0x0000000020000000       0x24 load address 0x00000000080024dc
                0x0000000020000000                . = ALIGN (0x4)
                0x0000000020000000                _sdata = .
 *(.data)
 *(.data*)
 .data.check_3s
                0x0000000020000000        0x4 ./Core/Src/fsm_buttons_run.o
                0x0000000020000000                check_3s
 .data.STATUS   0x0000000020000004        0x4 ./Core/Src/fsm_buttons_run.o
                0x0000000020000004                STATUS
 .data.FLAG_CHECK_PRESSED
                0x0000000020000008        0xc ./Core/Src/input_reading.o
                0x0000000020000008                FLAG_CHECK_PRESSED
 .data.TIMER_CYCLE
                0x0000000020000014        0x4 ./Core/Src/software_timer.o
                0x0000000020000014                TIMER_CYCLE
 .data.SystemCoreClock
                0x0000000020000018        0x4 ./Core/Src/system_stm32f1xx.o
                0x0000000020000018                SystemCoreClock
 .data.uwTickPrio
                0x000000002000001c        0x4 ./Drivers/STM32F1xx_HAL_Driver/Src/stm32f1xx_hal.o
                0x000000002000001c                uwTickPrio
 .data.uwTickFreq
                0x0000000020000020        0x1 ./Drivers/STM32F1xx_HAL_Driver/Src/stm32f1xx_hal.o
                0x0000000020000020                uwTickFreq
 *(.RamFunc)
 *(.RamFunc*)
                0x0000000020000024                . = ALIGN (0x4)
 *fill*         0x0000000020000021        0x3 
                0x0000000020000024                _edata = .

.igot.plt       0x0000000020000024        0x0 load address 0x0000000008002500
 .igot.plt      0x0000000020000024        0x0 e:/stm32cubeide_1.7.0/stm32cubeide/plugins/com.st.stm32cube.ide.mcu.externaltools.gnu-tools-for-stm32.9-2020-q2-update.win32_2.0.0.202105311346/tools/bin/../lib/gcc/arm-none-eabi/9.3.1/thumb/v7-m/nofp/crtbegin.o
                0x0000000020000024                . = ALIGN (0x4)

.bss            0x0000000020000024       0xa8 load address 0x0000000008002500
                0x0000000020000024                _sbss = .
                0x0000000020000024                __bss_start__ = _sbss
 *(.bss)
 .bss           0x0000000020000024       0x1c e:/stm32cubeide_1.7.0/stm32cubeide/plugins/com.st.stm32cube.ide.mcu.externaltools.gnu-tools-for-stm32.9-2020-q2-update.win32_2.0.0.202105311346/tools/bin/../lib/gcc/arm-none-eabi/9.3.1/thumb/v7-m/nofp/crtbegin.o
 *(.bss*)
 .bss.counter   0x0000000020000040        0x4 ./Core/Src/fsm_buttons_run.o
                0x0000000020000040                counter
 .bss.counter_10S
                0x0000000020000044        0x4 ./Core/Src/fsm_buttons_run.o
                0x0000000020000044                counter_10S
 .bss.first_time_release
                0x0000000020000048        0x4 ./Core/Src/fsm_buttons_run.o
                0x0000000020000048                first_time_release
 .bss.STATUS_LED
                0x000000002000004c        0x4 ./Core/Src/fsm_toggle.o
                0x000000002000004c                STATUS_LED
 .bss.counterForButtonPress3s
                0x0000000020000050        0x6 ./Core/Src/input_reading.o
 *fill*         0x0000000020000056        0x2 
 .bss.Key_0     0x0000000020000058        0x3 ./Core/Src/input_reading.o
 *fill*         0x000000002000005b        0x1 
 .bss.Key_1     0x000000002000005c        0x3 ./Core/Src/input_reading.o
 *fill*         0x000000002000005f        0x1 
 .bss.Key_2     0x0000000020000060        0x3 ./Core/Src/input_reading.o
 *fill*         0x0000000020000063        0x1 
 .bss.Key_3     0x0000000020000064        0x3 ./Core/Src/input_reading.o
 *fill*         0x0000000020000067        0x1 
 .bss.buttonBuffer
                0x0000000020000068        0x3 ./Core/Src/input_reading.o
 *fill*         0x000000002000006b        0x1 
 .bss.flagForButtonPress3s
                0x000000002000006c        0x3 ./Core/Src/input_reading.o
 *fill*         0x000000002000006f        0x1 
 .bss.timer1_flag
                0x0000000020000070        0x4 ./Core/Src/software_timer.o
                0x0000000020000070                timer1_flag
 .bss.timer2_flag
                0x0000000020000074        0x4 ./Core/Src/software_timer.o
                0x0000000020000074                timer2_flag
 *(COMMON)
 COMMON         0x0000000020000078       0x48 ./Core/Src/main.o
                0x0000000020000078                htim2
 COMMON         0x00000000200000c0        0x8 ./Core/Src/software_timer.o
                0x00000000200000c0                timer2_counter
                0x00000000200000c4                timer1_counter
 COMMON         0x00000000200000c8        0x4 ./Drivers/STM32F1xx_HAL_Driver/Src/stm32f1xx_hal.o
                0x00000000200000c8                uwTick
                0x00000000200000cc                . = ALIGN (0x4)
                0x00000000200000cc                _ebss = .
                0x00000000200000cc                __bss_end__ = _ebss

._user_heap_stack
                0x00000000200000cc      0x604 load address 0x0000000008002500
                0x00000000200000d0                . = ALIGN (0x8)
 *fill*         0x00000000200000cc        0x4 
                [!provide]                        PROVIDE (end = .)
                0x00000000200000d0                PROVIDE (_end = .)
                0x00000000200002d0                . = (. + _Min_Heap_Size)
 *fill*         0x00000000200000d0      0x200 
                0x00000000200006d0                . = (. + _Min_Stack_Size)
 *fill*         0x00000000200002d0      0x400 
                0x00000000200006d0                . = ALIGN (0x8)

/DISCARD/
 libc.a(*)
 libm.a(*)
 libgcc.a(*)

.ARM.attributes
                0x0000000000000000       0x29
 *(.ARM.attributes)
 .ARM.attributes
                0x0000000000000000       0x1d e:/stm32cubeide_1.7.0/stm32cubeide/plugins/com.st.stm32cube.ide.mcu.externaltools.gnu-tools-for-stm32.9-2020-q2-update.win32_2.0.0.202105311346/tools/bin/../lib/gcc/arm-none-eabi/9.3.1/thumb/v7-m/nofp/crti.o
 .ARM.attributes
                0x000000000000001d       0x2d e:/stm32cubeide_1.7.0/stm32cubeide/plugins/com.st.stm32cube.ide.mcu.externaltools.gnu-tools-for-stm32.9-2020-q2-update.win32_2.0.0.202105311346/tools/bin/../lib/gcc/arm-none-eabi/9.3.1/thumb/v7-m/nofp/crtbegin.o
 .ARM.attributes
                0x000000000000004a       0x2d ./Core/Src/7SEG.o
 .ARM.attributes
                0x0000000000000077       0x2d ./Core/Src/fsm_buttons_run.o
 .ARM.attributes
                0x00000000000000a4       0x2d ./Core/Src/fsm_toggle.o
 .ARM.attributes
                0x00000000000000d1       0x2d ./Core/Src/input_reading.o
 .ARM.attributes
                0x00000000000000fe       0x2d ./Core/Src/main.o
 .ARM.attributes
                0x000000000000012b       0x2d ./Core/Src/software_timer.o
 .ARM.attributes
                0x0000000000000158       0x2d ./Core/Src/stm32f1xx_hal_msp.o
 .ARM.attributes
                0x0000000000000185       0x2d ./Core/Src/stm32f1xx_it.o
 .ARM.attributes
                0x00000000000001b2       0x2d ./Core/Src/system_stm32f1xx.o
 .ARM.attributes
                0x00000000000001df       0x21 ./Core/Startup/startup_stm32f103c6ux.o
 .ARM.attributes
                0x0000000000000200       0x2d ./Drivers/STM32F1xx_HAL_Driver/Src/stm32f1xx_hal.o
 .ARM.attributes
                0x000000000000022d       0x2d ./Drivers/STM32F1xx_HAL_Driver/Src/stm32f1xx_hal_cortex.o
 .ARM.attributes
                0x000000000000025a       0x2d ./Drivers/STM32F1xx_HAL_Driver/Src/stm32f1xx_hal_gpio.o
 .ARM.attributes
                0x0000000000000287       0x2d ./Drivers/STM32F1xx_HAL_Driver/Src/stm32f1xx_hal_rcc.o
 .ARM.attributes
                0x00000000000002b4       0x2d ./Drivers/STM32F1xx_HAL_Driver/Src/stm32f1xx_hal_tim.o
 .ARM.attributes
                0x00000000000002e1       0x2d ./Drivers/STM32F1xx_HAL_Driver/Src/stm32f1xx_hal_tim_ex.o
 .ARM.attributes
                0x000000000000030e       0x2d e:/stm32cubeide_1.7.0/stm32cubeide/plugins/com.st.stm32cube.ide.mcu.externaltools.gnu-tools-for-stm32.9-2020-q2-update.win32_2.0.0.202105311346/tools/bin/../lib/gcc/arm-none-eabi/9.3.1/../../../../arm-none-eabi/lib/thumb/v7-m/nofp\libc_nano.a(lib_a-init.o)
 .ARM.attributes
                0x000000000000033b       0x2d e:/stm32cubeide_1.7.0/stm32cubeide/plugins/com.st.stm32cube.ide.mcu.externaltools.gnu-tools-for-stm32.9-2020-q2-update.win32_2.0.0.202105311346/tools/bin/../lib/gcc/arm-none-eabi/9.3.1/../../../../arm-none-eabi/lib/thumb/v7-m/nofp\libc_nano.a(lib_a-memset.o)
 .ARM.attributes
                0x0000000000000368       0x1d e:/stm32cubeide_1.7.0/stm32cubeide/plugins/com.st.stm32cube.ide.mcu.externaltools.gnu-tools-for-stm32.9-2020-q2-update.win32_2.0.0.202105311346/tools/bin/../lib/gcc/arm-none-eabi/9.3.1/thumb/v7-m/nofp/crtn.o
OUTPUT(MIDTERM_LAB.elf elf32-littlearm)
LOAD linker stubs
LOAD e:/stm32cubeide_1.7.0/stm32cubeide/plugins/com.st.stm32cube.ide.mcu.externaltools.gnu-tools-for-stm32.9-2020-q2-update.win32_2.0.0.202105311346/tools/bin/../lib/gcc/arm-none-eabi/9.3.1/../../../../arm-none-eabi/lib/thumb/v7-m/nofp\libc.a
LOAD e:/stm32cubeide_1.7.0/stm32cubeide/plugins/com.st.stm32cube.ide.mcu.externaltools.gnu-tools-for-stm32.9-2020-q2-update.win32_2.0.0.202105311346/tools/bin/../lib/gcc/arm-none-eabi/9.3.1/../../../../arm-none-eabi/lib/thumb/v7-m/nofp\libm.a
LOAD e:/stm32cubeide_1.7.0/stm32cubeide/plugins/com.st.stm32cube.ide.mcu.externaltools.gnu-tools-for-stm32.9-2020-q2-update.win32_2.0.0.202105311346/tools/bin/../lib/gcc/arm-none-eabi/9.3.1/thumb/v7-m/nofp\libgcc.a

.debug_info     0x0000000000000000     0x8e3b
 .debug_info    0x0000000000000000      0x246 ./Core/Src/7SEG.o
 .debug_info    0x0000000000000246      0x269 ./Core/Src/fsm_buttons_run.o
 .debug_info    0x00000000000004af      0x24e ./Core/Src/fsm_toggle.o
 .debug_info    0x00000000000006fd      0x475 ./Core/Src/input_reading.o
 .debug_info    0x0000000000000b72      0xb89 ./Core/Src/main.o
 .debug_info    0x00000000000016fb       0xf5 ./Core/Src/software_timer.o
 .debug_info    0x00000000000017f0      0xa04 ./Core/Src/stm32f1xx_hal_msp.o
 .debug_info    0x00000000000021f4      0x7b4 ./Core/Src/stm32f1xx_it.o
 .debug_info    0x00000000000029a8      0x2be ./Core/Src/system_stm32f1xx.o
 .debug_info    0x0000000000002c66       0x22 ./Core/Startup/startup_stm32f103c6ux.o
 .debug_info    0x0000000000002c88      0x74c ./Drivers/STM32F1xx_HAL_Driver/Src/stm32f1xx_hal.o
 .debug_info    0x00000000000033d4      0xbbe ./Drivers/STM32F1xx_HAL_Driver/Src/stm32f1xx_hal_cortex.o
 .debug_info    0x0000000000003f92      0x701 ./Drivers/STM32F1xx_HAL_Driver/Src/stm32f1xx_hal_gpio.o
 .debug_info    0x0000000000004693      0x88e ./Drivers/STM32F1xx_HAL_Driver/Src/stm32f1xx_hal_rcc.o
 .debug_info    0x0000000000004f21     0x2a45 ./Drivers/STM32F1xx_HAL_Driver/Src/stm32f1xx_hal_tim.o
 .debug_info    0x0000000000007966     0x14d5 ./Drivers/STM32F1xx_HAL_Driver/Src/stm32f1xx_hal_tim_ex.o

.debug_abbrev   0x0000000000000000     0x1a5f
 .debug_abbrev  0x0000000000000000      0x123 ./Core/Src/7SEG.o
 .debug_abbrev  0x0000000000000123      0x11c ./Core/Src/fsm_buttons_run.o
 .debug_abbrev  0x000000000000023f      0x10b ./Core/Src/fsm_toggle.o
 .debug_abbrev  0x000000000000034a      0x190 ./Core/Src/input_reading.o
 .debug_abbrev  0x00000000000004da      0x221 ./Core/Src/main.o
 .debug_abbrev  0x00000000000006fb       0xb8 ./Core/Src/software_timer.o
 .debug_abbrev  0x00000000000007b3      0x1b7 ./Core/Src/stm32f1xx_hal_msp.o
 .debug_abbrev  0x000000000000096a      0x176 ./Core/Src/stm32f1xx_it.o
 .debug_abbrev  0x0000000000000ae0      0x14e ./Core/Src/system_stm32f1xx.o
 .debug_abbrev  0x0000000000000c2e       0x12 ./Core/Startup/startup_stm32f103c6ux.o
 .debug_abbrev  0x0000000000000c40      0x1ed ./Drivers/STM32F1xx_HAL_Driver/Src/stm32f1xx_hal.o
 .debug_abbrev  0x0000000000000e2d      0x313 ./Drivers/STM32F1xx_HAL_Driver/Src/stm32f1xx_hal_cortex.o
 .debug_abbrev  0x0000000000001140      0x1e8 ./Drivers/STM32F1xx_HAL_Driver/Src/stm32f1xx_hal_gpio.o
 .debug_abbrev  0x0000000000001328      0x273 ./Drivers/STM32F1xx_HAL_Driver/Src/stm32f1xx_hal_rcc.o
 .debug_abbrev  0x000000000000159b      0x25e ./Drivers/STM32F1xx_HAL_Driver/Src/stm32f1xx_hal_tim.o
 .debug_abbrev  0x00000000000017f9      0x266 ./Drivers/STM32F1xx_HAL_Driver/Src/stm32f1xx_hal_tim_ex.o

.debug_aranges  0x0000000000000000      0xa18
 .debug_aranges
                0x0000000000000000       0x28 ./Core/Src/7SEG.o
 .debug_aranges
                0x0000000000000028       0x20 ./Core/Src/fsm_buttons_run.o
 .debug_aranges
                0x0000000000000048       0x20 ./Core/Src/fsm_toggle.o
 .debug_aranges
                0x0000000000000068       0x50 ./Core/Src/input_reading.o
 .debug_aranges
                0x00000000000000b8       0x48 ./Core/Src/main.o
 .debug_aranges
                0x0000000000000100       0x30 ./Core/Src/software_timer.o
 .debug_aranges
                0x0000000000000130       0x30 ./Core/Src/stm32f1xx_hal_msp.o
 .debug_aranges
                0x0000000000000160       0x68 ./Core/Src/stm32f1xx_it.o
 .debug_aranges
                0x00000000000001c8       0x28 ./Core/Src/system_stm32f1xx.o
 .debug_aranges
                0x00000000000001f0       0x28 ./Core/Startup/startup_stm32f103c6ux.o
 .debug_aranges
                0x0000000000000218       0xe0 ./Drivers/STM32F1xx_HAL_Driver/Src/stm32f1xx_hal.o
 .debug_aranges
                0x00000000000002f8      0x100 ./Drivers/STM32F1xx_HAL_Driver/Src/stm32f1xx_hal_cortex.o
 .debug_aranges
                0x00000000000003f8       0x58 ./Drivers/STM32F1xx_HAL_Driver/Src/stm32f1xx_hal_gpio.o
 .debug_aranges
                0x0000000000000450       0x90 ./Drivers/STM32F1xx_HAL_Driver/Src/stm32f1xx_hal_rcc.o
 .debug_aranges
                0x00000000000004e0      0x3d0 ./Drivers/STM32F1xx_HAL_Driver/Src/stm32f1xx_hal_tim.o
 .debug_aranges
                0x00000000000008b0      0x168 ./Drivers/STM32F1xx_HAL_Driver/Src/stm32f1xx_hal_tim_ex.o

.debug_ranges   0x0000000000000000      0x958
 .debug_ranges  0x0000000000000000       0x18 ./Core/Src/7SEG.o
 .debug_ranges  0x0000000000000018       0x48 ./Core/Src/fsm_buttons_run.o
 .debug_ranges  0x0000000000000060       0x10 ./Core/Src/fsm_toggle.o
 .debug_ranges  0x0000000000000070       0x40 ./Core/Src/input_reading.o
 .debug_ranges  0x00000000000000b0       0x38 ./Core/Src/main.o
 .debug_ranges  0x00000000000000e8       0x20 ./Core/Src/software_timer.o
 .debug_ranges  0x0000000000000108       0x20 ./Core/Src/stm32f1xx_hal_msp.o
 .debug_ranges  0x0000000000000128       0x58 ./Core/Src/stm32f1xx_it.o
 .debug_ranges  0x0000000000000180       0x18 ./Core/Src/system_stm32f1xx.o
 .debug_ranges  0x0000000000000198       0x20 ./Core/Startup/startup_stm32f103c6ux.o
 .debug_ranges  0x00000000000001b8       0xd0 ./Drivers/STM32F1xx_HAL_Driver/Src/stm32f1xx_hal.o
 .debug_ranges  0x0000000000000288       0xf0 ./Drivers/STM32F1xx_HAL_Driver/Src/stm32f1xx_hal_cortex.o
 .debug_ranges  0x0000000000000378       0x48 ./Drivers/STM32F1xx_HAL_Driver/Src/stm32f1xx_hal_gpio.o
 .debug_ranges  0x00000000000003c0       0x80 ./Drivers/STM32F1xx_HAL_Driver/Src/stm32f1xx_hal_rcc.o
 .debug_ranges  0x0000000000000440      0x3c0 ./Drivers/STM32F1xx_HAL_Driver/Src/stm32f1xx_hal_tim.o
 .debug_ranges  0x0000000000000800      0x158 ./Drivers/STM32F1xx_HAL_Driver/Src/stm32f1xx_hal_tim_ex.o

.debug_macro    0x0000000000000000    0x169ee
 .debug_macro   0x0000000000000000      0x1b1 ./Core/Src/7SEG.o
 .debug_macro   0x00000000000001b1      0xa9c ./Core/Src/7SEG.o
 .debug_macro   0x0000000000000c4d      0x215 ./Core/Src/7SEG.o
 .debug_macro   0x0000000000000e62       0x2e ./Core/Src/7SEG.o
 .debug_macro   0x0000000000000e90       0x22 ./Core/Src/7SEG.o
 .debug_macro   0x0000000000000eb2       0x22 ./Core/Src/7SEG.o
 .debug_macro   0x0000000000000ed4       0x8e ./Core/Src/7SEG.o
 .debug_macro   0x0000000000000f62       0x51 ./Core/Src/7SEG.o
 .debug_macro   0x0000000000000fb3      0x103 ./Core/Src/7SEG.o
 .debug_macro   0x00000000000010b6       0x6a ./Core/Src/7SEG.o
 .debug_macro   0x0000000000001120      0x1df ./Core/Src/7SEG.o
 .debug_macro   0x00000000000012ff       0x1c ./Core/Src/7SEG.o
 .debug_macro   0x000000000000131b       0x22 ./Core/Src/7SEG.o
 .debug_macro   0x000000000000133d       0xc3 ./Core/Src/7SEG.o
 .debug_macro   0x0000000000001400      0xd23 ./Core/Src/7SEG.o
 .debug_macro   0x0000000000002123     0xde75 ./Core/Src/7SEG.o
 .debug_macro   0x000000000000ff98       0x6d ./Core/Src/7SEG.o
 .debug_macro   0x0000000000010005     0x3468 ./Core/Src/7SEG.o
 .debug_macro   0x000000000001346d      0x174 ./Core/Src/7SEG.o
 .debug_macro   0x00000000000135e1       0x5c ./Core/Src/7SEG.o
 .debug_macro   0x000000000001363d      0x5be ./Core/Src/7SEG.o
 .debug_macro   0x0000000000013bfb      0x1b7 ./Core/Src/7SEG.o
 .debug_macro   0x0000000000013db2      0x1cb ./Core/Src/7SEG.o
 .debug_macro   0x0000000000013f7d      0x114 ./Core/Src/7SEG.o
 .debug_macro   0x0000000000014091      0x1b2 ./Core/Src/7SEG.o
 .debug_macro   0x0000000000014243       0x27 ./Core/Src/7SEG.o
 .debug_macro   0x000000000001426a      0x12f ./Core/Src/7SEG.o
 .debug_macro   0x0000000000014399      0x1bc ./Core/Src/7SEG.o
 .debug_macro   0x0000000000014555       0x34 ./Core/Src/7SEG.o
 .debug_macro   0x0000000000014589       0x3c ./Core/Src/7SEG.o
 .debug_macro   0x00000000000145c5       0x57 ./Core/Src/7SEG.o
 .debug_macro   0x000000000001461c       0x88 ./Core/Src/7SEG.o
 .debug_macro   0x00000000000146a4      0x183 ./Core/Src/7SEG.o
 .debug_macro   0x0000000000014827      0x141 ./Core/Src/7SEG.o
 .debug_macro   0x0000000000014968      0x8d1 ./Core/Src/7SEG.o
 .debug_macro   0x0000000000015239       0x69 ./Core/Src/7SEG.o
 .debug_macro   0x00000000000152a2       0x88 ./Core/Src/7SEG.o
 .debug_macro   0x000000000001532a      0x1fe ./Core/Src/fsm_buttons_run.o
 .debug_macro   0x0000000000015528       0x1c ./Core/Src/fsm_buttons_run.o
 .debug_macro   0x0000000000015544      0x1cd ./Core/Src/fsm_toggle.o
 .debug_macro   0x0000000000015711      0x1b6 ./Core/Src/input_reading.o
 .debug_macro   0x00000000000158c7      0x1ea ./Core/Src/main.o
 .debug_macro   0x0000000000015ab1       0x1b ./Core/Src/software_timer.o
 .debug_macro   0x0000000000015acc      0x1a7 ./Core/Src/stm32f1xx_hal_msp.o
 .debug_macro   0x0000000000015c73      0x1b1 ./Core/Src/stm32f1xx_it.o
 .debug_macro   0x0000000000015e24      0x198 ./Core/Src/system_stm32f1xx.o
 .debug_macro   0x0000000000015fbc      0x1bc ./Drivers/STM32F1xx_HAL_Driver/Src/stm32f1xx_hal.o
 .debug_macro   0x0000000000016178      0x198 ./Drivers/STM32F1xx_HAL_Driver/Src/stm32f1xx_hal_cortex.o
 .debug_macro   0x0000000000016310      0x203 ./Drivers/STM32F1xx_HAL_Driver/Src/stm32f1xx_hal_gpio.o
 .debug_macro   0x0000000000016513      0x1aa ./Drivers/STM32F1xx_HAL_Driver/Src/stm32f1xx_hal_rcc.o
 .debug_macro   0x00000000000166bd      0x199 ./Drivers/STM32F1xx_HAL_Driver/Src/stm32f1xx_hal_tim.o
 .debug_macro   0x0000000000016856      0x198 ./Drivers/STM32F1xx_HAL_Driver/Src/stm32f1xx_hal_tim_ex.o

.debug_line     0x0000000000000000     0xb099
 .debug_line    0x0000000000000000      0x6e5 ./Core/Src/7SEG.o
 .debug_line    0x00000000000006e5      0x7c9 ./Core/Src/fsm_buttons_run.o
 .debug_line    0x0000000000000eae      0x6a6 ./Core/Src/fsm_toggle.o
 .debug_line    0x0000000000001554      0x8a6 ./Core/Src/input_reading.o
 .debug_line    0x0000000000001dfa      0x7c1 ./Core/Src/main.o
 .debug_line    0x00000000000025bb       0xd5 ./Core/Src/software_timer.o
 .debug_line    0x0000000000002690      0x695 ./Core/Src/stm32f1xx_hal_msp.o
 .debug_line    0x0000000000002d25      0x733 ./Core/Src/stm32f1xx_it.o
 .debug_line    0x0000000000003458      0x6d7 ./Core/Src/system_stm32f1xx.o
 .debug_line    0x0000000000003b2f       0x87 ./Core/Startup/startup_stm32f103c6ux.o
 .debug_line    0x0000000000003bb6      0x904 ./Drivers/STM32F1xx_HAL_Driver/Src/stm32f1xx_hal.o
 .debug_line    0x00000000000044ba      0xaec ./Drivers/STM32F1xx_HAL_Driver/Src/stm32f1xx_hal_cortex.o
 .debug_line    0x0000000000004fa6      0x985 ./Drivers/STM32F1xx_HAL_Driver/Src/stm32f1xx_hal_gpio.o
 .debug_line    0x000000000000592b      0xd12 ./Drivers/STM32F1xx_HAL_Driver/Src/stm32f1xx_hal_rcc.o
 .debug_line    0x000000000000663d     0x3262 ./Drivers/STM32F1xx_HAL_Driver/Src/stm32f1xx_hal_tim.o
 .debug_line    0x000000000000989f     0x17fa ./Drivers/STM32F1xx_HAL_Driver/Src/stm32f1xx_hal_tim_ex.o

.debug_str      0x0000000000000000    0x81fc3
 .debug_str     0x0000000000000000    0x7f373 ./Core/Src/7SEG.o
                                      0x7f6aa (size before relaxing)
 .debug_str     0x000000000007f373      0x1a3 ./Core/Src/fsm_buttons_run.o
                                      0x7f808 (size before relaxing)
 .debug_str     0x000000000007f516       0x54 ./Core/Src/fsm_toggle.o
                                      0x7f6f7 (size before relaxing)
 .debug_str     0x000000000007f56a       0xd9 ./Core/Src/input_reading.o
                                      0x7f82a (size before relaxing)
 .debug_str     0x000000000007f643      0x6df ./Core/Src/main.o
                                      0x7ff0e (size before relaxing)
 .debug_str     0x000000000007fd22       0x6d ./Core/Src/software_timer.o
                                       0x2de4 (size before relaxing)
 .debug_str     0x000000000007fd8f      0x2ba ./Core/Src/stm32f1xx_hal_msp.o
                                      0x7fe6e (size before relaxing)
 .debug_str     0x0000000000080049       0xcd ./Core/Src/stm32f1xx_it.o
                                      0x7fbd0 (size before relaxing)
 .debug_str     0x0000000000080116       0x52 ./Core/Src/system_stm32f1xx.o
                                      0x7f4f0 (size before relaxing)
 .debug_str     0x0000000000080168       0x36 ./Core/Startup/startup_stm32f103c6ux.o
                                         0x5b (size before relaxing)
 .debug_str     0x000000000008019e      0x304 ./Drivers/STM32F1xx_HAL_Driver/Src/stm32f1xx_hal.o
                                      0x7fb47 (size before relaxing)
 .debug_str     0x00000000000804a2      0x300 ./Drivers/STM32F1xx_HAL_Driver/Src/stm32f1xx_hal_cortex.o
                                      0x7fb4f (size before relaxing)
 .debug_str     0x00000000000807a2      0x316 ./Drivers/STM32F1xx_HAL_Driver/Src/stm32f1xx_hal_gpio.o
                                      0x7f8b4 (size before relaxing)
 .debug_str     0x0000000000080ab8      0x24f ./Drivers/STM32F1xx_HAL_Driver/Src/stm32f1xx_hal_rcc.o
                                      0x7f8ed (size before relaxing)
 .debug_str     0x0000000000080d07      0xdce ./Drivers/STM32F1xx_HAL_Driver/Src/stm32f1xx_hal_tim.o
                                      0x808bf (size before relaxing)
 .debug_str     0x0000000000081ad5      0x4ee ./Drivers/STM32F1xx_HAL_Driver/Src/stm32f1xx_hal_tim_ex.o
                                      0x80070 (size before relaxing)

.comment        0x0000000000000000       0x53
 .comment       0x0000000000000000       0x53 ./Core/Src/7SEG.o
                                         0x54 (size before relaxing)
 .comment       0x0000000000000053       0x54 ./Core/Src/fsm_buttons_run.o
 .comment       0x0000000000000053       0x54 ./Core/Src/fsm_toggle.o
 .comment       0x0000000000000053       0x54 ./Core/Src/input_reading.o
 .comment       0x0000000000000053       0x54 ./Core/Src/main.o
 .comment       0x0000000000000053       0x54 ./Core/Src/software_timer.o
 .comment       0x0000000000000053       0x54 ./Core/Src/stm32f1xx_hal_msp.o
 .comment       0x0000000000000053       0x54 ./Core/Src/stm32f1xx_it.o
 .comment       0x0000000000000053       0x54 ./Core/Src/system_stm32f1xx.o
 .comment       0x0000000000000053       0x54 ./Drivers/STM32F1xx_HAL_Driver/Src/stm32f1xx_hal.o
 .comment       0x0000000000000053       0x54 ./Drivers/STM32F1xx_HAL_Driver/Src/stm32f1xx_hal_cortex.o
 .comment       0x0000000000000053       0x54 ./Drivers/STM32F1xx_HAL_Driver/Src/stm32f1xx_hal_gpio.o
 .comment       0x0000000000000053       0x54 ./Drivers/STM32F1xx_HAL_Driver/Src/stm32f1xx_hal_rcc.o
 .comment       0x0000000000000053       0x54 ./Drivers/STM32F1xx_HAL_Driver/Src/stm32f1xx_hal_tim.o
 .comment       0x0000000000000053       0x54 ./Drivers/STM32F1xx_HAL_Driver/Src/stm32f1xx_hal_tim_ex.o

.debug_frame    0x0000000000000000     0x2818
 .debug_frame   0x0000000000000000       0x54 ./Core/Src/7SEG.o
 .debug_frame   0x0000000000000054       0x2c ./Core/Src/fsm_buttons_run.o
 .debug_frame   0x0000000000000080       0x2c ./Core/Src/fsm_toggle.o
 .debug_frame   0x00000000000000ac      0x120 ./Core/Src/input_reading.o
 .debug_frame   0x00000000000001cc       0xd4 ./Core/Src/main.o
 .debug_frame   0x00000000000002a0       0x80 ./Core/Src/software_timer.o
 .debug_frame   0x0000000000000320       0x80 ./Core/Src/stm32f1xx_hal_msp.o
 .debug_frame   0x00000000000003a0      0x120 ./Core/Src/stm32f1xx_it.o
 .debug_frame   0x00000000000004c0       0x58 ./Core/Src/system_stm32f1xx.o
 .debug_frame   0x0000000000000518      0x334 ./Drivers/STM32F1xx_HAL_Driver/Src/stm32f1xx_hal.o
 .debug_frame   0x000000000000084c      0x428 ./Drivers/STM32F1xx_HAL_Driver/Src/stm32f1xx_hal_cortex.o
 .debug_frame   0x0000000000000c74      0x14c ./Drivers/STM32F1xx_HAL_Driver/Src/stm32f1xx_hal_gpio.o
 .debug_frame   0x0000000000000dc0      0x21c ./Drivers/STM32F1xx_HAL_Driver/Src/stm32f1xx_hal_rcc.o
 .debug_frame   0x0000000000000fdc     0x11b8 ./Drivers/STM32F1xx_HAL_Driver/Src/stm32f1xx_hal_tim.o
 .debug_frame   0x0000000000002194      0x638 ./Drivers/STM32F1xx_HAL_Driver/Src/stm32f1xx_hal_tim_ex.o
 .debug_frame   0x00000000000027cc       0x2c e:/stm32cubeide_1.7.0/stm32cubeide/plugins/com.st.stm32cube.ide.mcu.externaltools.gnu-tools-for-stm32.9-2020-q2-update.win32_2.0.0.202105311346/tools/bin/../lib/gcc/arm-none-eabi/9.3.1/../../../../arm-none-eabi/lib/thumb/v7-m/nofp\libc_nano.a(lib_a-init.o)
 .debug_frame   0x00000000000027f8       0x20 e:/stm32cubeide_1.7.0/stm32cubeide/plugins/com.st.stm32cube.ide.mcu.externaltools.gnu-tools-for-stm32.9-2020-q2-update.win32_2.0.0.202105311346/tools/bin/../lib/gcc/arm-none-eabi/9.3.1/../../../../arm-none-eabi/lib/thumb/v7-m/nofp\libc_nano.a(lib_a-memset.o)
